1+0 records in
1+0 records out
1 byte (1 B) copied, 0.000160887 s, 6.2 kB/s
